// Jest Snapshot v1, https://goo.gl/fbAQLP

exports[`matching a snapshot of Login 1`] = `
Array [
  <button
    className="MuiButtonBase-root-16 MuiButton-root-1"
    disabled={false}
    onBlur={[Function]}
    onClick={[Function]}
    onFocus={[Function]}
    onKeyDown={[Function]}
    onKeyUp={[Function]}
    onMouseDown={[Function]}
    onMouseLeave={[Function]}
    onMouseUp={[Function]}
    onTouchEnd={[Function]}
    onTouchMove={[Function]}
    onTouchStart={[Function]}
    style={
      Object {
        "backgroundColor": "#a6ce39",
      }
    }
    tabIndex="0"
    type="button"
  >
    <span
      className="MuiButton-label-2"
    >
      <i
        className="sc-bdVaJa fjJPcf"
      >
        <i
          className="ai ai-orcid"
        />
      </i>
        Sign in with 
      orcid
    </span>
    <span
      className="MuiTouchRipple-root-19"
    />
  </button>,
  <button
    className="MuiButtonBase-root-16 MuiButton-root-1"
    disabled={false}
    onBlur={[Function]}
    onClick={[Function]}
    onFocus={[Function]}
    onKeyDown={[Function]}
    onKeyUp={[Function]}
    onMouseDown={[Function]}
    onMouseLeave={[Function]}
    onMouseUp={[Function]}
    onTouchEnd={[Function]}
    onTouchMove={[Function]}
    onTouchStart={[Function]}
    style={
      Object {
        "backgroundColor": "#dd4b39",
      }
    }
    tabIndex="0"
    type="button"
  >
    <span
      className="MuiButton-label-2"
    >
      <i
        className="sc-bdVaJa fjJPcf"
      >
        <svg
          aria-hidden="true"
          className="svg-inline--fa fa-google fa-w-16 "
          data-icon="google"
          data-prefix="fab"
          role="img"
          style={Object {}}
          viewBox="0 0 488 512"
          xmlns="http://www.w3.org/2000/svg"
        >
          <path
            d="M488 261.8C488 403.3 391.1 504 248 504 110.8 504 0 393.2 0 256S110.8 8 248 8c66.8 0 123 24.5 166.3 64.9l-67.5 64.9C258.5 52.6 94.3 116.6 94.3 256c0 86.5 69.1 156.6 153.7 156.6 98.2 0 135-70.4 140.8-106.9H248v-85.3h236.1c2.3 12.7 3.9 24.9 3.9 41.4z"
            fill="currentColor"
            style={Object {}}
          />
        </svg>
      </i>
        Sign in with 
      google
    </span>
    <span
      className="MuiTouchRipple-root-19"
    />
  </button>,
  <button
    className="MuiButtonBase-root-16 MuiButton-root-1"
    disabled={false}
    onBlur={[Function]}
    onClick={[Function]}
    onFocus={[Function]}
    onKeyDown={[Function]}
    onKeyUp={[Function]}
    onMouseDown={[Function]}
    onMouseLeave={[Function]}
    onMouseUp={[Function]}
    onTouchEnd={[Function]}
    onTouchMove={[Function]}
    onTouchStart={[Function]}
    style={
      Object {
        "backgroundColor": "#007bb6",
      }
    }
    tabIndex="0"
    type="button"
  >
    <span
      className="MuiButton-label-2"
    >
      <i
        className="sc-bdVaJa fjJPcf"
      >
        <svg
          aria-hidden="true"
          className="svg-inline--fa fa-linkedin fa-w-14 "
          data-icon="linkedin"
          data-prefix="fab"
          role="img"
          style={Object {}}
          viewBox="0 0 448 512"
          xmlns="http://www.w3.org/2000/svg"
        >
          <path
            d="M416 32H31.9C14.3 32 0 46.5 0 64.3v383.4C0 465.5 14.3 480 31.9 480H416c17.6 0 32-14.5 32-32.3V64.3c0-17.8-14.4-32.3-32-32.3zM135.4 416H69V202.2h66.5V416zm-33.2-243c-21.3 0-38.5-17.3-38.5-38.5S80.9 96 102.2 96c21.2 0 38.5 17.3 38.5 38.5 0 21.3-17.2 38.5-38.5 38.5zm282.1 243h-66.4V312c0-24.8-.5-56.7-34.5-56.7-34.6 0-39.9 27-39.9 54.9V416h-66.4V202.2h63.7v29.2h.9c8.9-16.8 30.6-34.5 62.9-34.5 67.2 0 79.7 44.3 79.7 101.9V416z"
            fill="currentColor"
            style={Object {}}
          />
        </svg>
      </i>
        Sign in with 
      linkedin
    </span>
    <span
      className="MuiTouchRipple-root-19"
    />
  </button>,
  <button
    className="MuiButtonBase-root-16 MuiButton-root-1"
    disabled={false}
    onBlur={[Function]}
    onClick={[Function]}
    onFocus={[Function]}
    onKeyDown={[Function]}
    onKeyUp={[Function]}
    onMouseDown={[Function]}
    onMouseLeave={[Function]}
    onMouseUp={[Function]}
    onTouchEnd={[Function]}
    onTouchMove={[Function]}
    onTouchStart={[Function]}
    style={
      Object {
        "backgroundColor": "#3b5998",
      }
    }
    tabIndex="0"
    type="button"
  >
    <span
      className="MuiButton-label-2"
    >
      <i
        className="sc-bdVaJa fjJPcf"
      >
        <svg
          aria-hidden="true"
          className="svg-inline--fa fa-facebook fa-w-14 "
          data-icon="facebook"
          data-prefix="fab"
          role="img"
          style={Object {}}
          viewBox="0 0 448 512"
          xmlns="http://www.w3.org/2000/svg"
        >
          <path
            d="M448 56.7v398.5c0 13.7-11.1 24.7-24.7 24.7H309.1V306.5h58.2l8.7-67.6h-67v-43.2c0-19.6 5.4-32.9 33.5-32.9h35.8v-60.5c-6.2-.8-27.4-2.7-52.2-2.7-51.6 0-87 31.5-87 89.4v49.9h-58.4v67.6h58.4V480H24.7C11.1 480 0 468.9 0 455.3V56.7C0 43.1 11.1 32 24.7 32h398.5c13.7 0 24.8 11.1 24.8 24.7z"
            fill="currentColor"
            style={Object {}}
          />
        </svg>
      </i>
        Sign in with 
      facebook
    </span>
    <span
      className="MuiTouchRipple-root-19"
    />
  </button>,
]
`;
